apiVersion: config.istio.io/v1alpha2
kind: rule
metadata:
  labels:
    app: istio-install
    kustomize.component: istio-install
  name: kubeattrgenrulerule
  namespace: istio-system
spec:
  actions:
  - handler: kubernetesenv
    instances:
    - attributes
