apiVersion: config.istio.io/v1alpha2
kind: rule
metadata:
  labels:
    app: istio-install
    kustomize.component: istio-install
  name: promhttp
  namespace: istio-system
spec:
  actions:
  - handler: prometheus
    instances:
    - requestcount
    - requestduration
    - requestsize
    - responsesize
  match: (context.protocol == "http" || context.protocol == "grpc") && (match((request.useragent
    | "-"), "kube-probe*") == false) && (match((request.useragent | "-"), "Prometheus*")
    == false)
