apiVersion: config.istio.io/v1alpha2
kind: handler
metadata:
  labels:
    app: istio-install
    kustomize.component: istio-install
  name: kubernetesenv
  namespace: istio-system
spec:
  compiledAdapter: kubernetesenv
