apiVersion: policy/v1beta1
kind: PodDisruptionBudget
metadata:
  labels:
    app: istio-install
    istio: mixer
    istio-mixer-type: policy
    kustomize.component: istio-install
    version: 1.1.0
  name: istio-policy
  namespace: istio-system
spec:
  minAvailable: 1
  selector:
    matchLabels:
      app: istio-install
      istio: mixer
      istio-mixer-type: policy
      kustomize.component: istio-install
