apiVersion: policy/v1beta1
kind: PodDisruptionBudget
metadata:
  labels:
    app: istio-install
    istio: ingressgateway
    kustomize.component: istio-install
  name: istio-ingressgateway
  namespace: istio-system
spec:
  minAvailable: 1
  selector:
    matchLabels:
      app: istio-install
      istio: ingressgateway
      kustomize.component: istio-install
