apiVersion: policy/v1beta1
kind: PodDisruptionBudget
metadata:
  labels:
    app: istio-install
    istio: pilot
    kustomize.component: istio-install
  name: istio-pilot
  namespace: istio-system
spec:
  minAvailable: 1
  selector:
    matchLabels:
      app: istio-install
      istio: pilot
      kustomize.component: istio-install
