apiVersion: rbac.authorization.k8s.io/v1
kind: RoleBinding
metadata:
  labels:
    app: istio-install
    kustomize.component: istio-install
  name: istio-ingressgateway-sds
  namespace: istio-system
roleRef:
  apiGroup: rbac.authorization.k8s.io
  kind: Role
  name: istio-ingressgateway-sds
subjects:
- kind: ServiceAccount
  name: istio-ingressgateway-service-account
  namespace: istio-system
