apiVersion: rbac.authorization.k8s.io/v1
kind: ClusterRoleBinding
metadata:
  labels:
    app: istio-install
    kustomize.component: istio-install
  name: istio-multi
roleRef:
  apiGroup: rbac.authorization.k8s.io
  kind: ClusterRole
  name: istio-reader
subjects:
- kind: ServiceAccount
  name: istio-multi
  namespace: istio-system
