apiVersion: rbac.authorization.k8s.io/v1
kind: ClusterRoleBinding
metadata:
  labels:
    app: istio-install
    istio: sidecar-injector
    kustomize.component: istio-install
  name: istio-sidecar-injector-admin-role-binding-istio-system
roleRef:
  apiGroup: rbac.authorization.k8s.io
  kind: ClusterRole
  name: istio-sidecar-injector-istio-system
subjects:
- kind: ServiceAccount
  name: istio-sidecar-injector-service-account
  namespace: istio-system
