apiVersion: rbac.authorization.k8s.io/v1
kind: ClusterRole
metadata:
  labels:
    app: istio-install
    kustomize.component: istio-install
  name: istio-nodeagent-istio-system
rules:
- apiGroups:
  - ""
  resources:
  - configmaps
  verbs:
  - get
