apiVersion: rbac.authorization.k8s.io/v1
kind: Role
metadata:
  labels:
    app: istio-install
    kustomize.component: istio-install
  name: istio-ingressgateway-sds
  namespace: istio-system
rules:
- apiGroups:
  - ""
  resources:
  - secrets
  verbs:
  - get
  - watch
  - list
