apiVersion: rbac.authorization.k8s.io/v1
kind: ClusterRole
metadata:
  labels:
    app: istio-install
    kustomize.component: istio-install
  name: prometheus-istio-system
rules:
- apiGroups:
  - ""
  resources:
  - nodes
  - services
  - endpoints
  - pods
  - nodes/proxy
  verbs:
  - get
  - list
  - watch
- apiGroups:
  - ""
  resources:
  - configmaps
  verbs:
  - get
- nonResourceURLs:
  - /metrics
  verbs:
  - get
