apiVersion: rbac.authorization.k8s.io/v1
kind: ClusterRoleBinding
metadata:
  labels:
    app: istio-install
    kustomize.component: istio-install
  name: istio-nodeagent-istio-system
roleRef:
  apiGroup: rbac.authorization.k8s.io
  kind: ClusterRole
  name: istio-nodeagent-istio-system
subjects:
- kind: ServiceAccount
  name: istio-nodeagent-service-account
  namespace: istio-system
