apiVersion: rbac.authorization.k8s.io/v1
kind: ClusterRole
metadata:
  labels:
    app: istio-install
    istio: sidecar-injector
    kustomize.component: istio-install
  name: istio-sidecar-injector-istio-system
rules:
- apiGroups:
  - ""
  resources:
  - configmaps
  verbs:
  - get
  - list
  - watch
- apiGroups:
  - admissionregistration.k8s.io
  resources:
  - mutatingwebhookconfigurations
  verbs:
  - get
  - list
  - watch
  - patch
