apiVersion: rbac.istio.io/v1alpha1
kind: ServiceRoleBinding
metadata:
  labels:
    app: istio-install
    kustomize.component: istio-install
  name: istio-ingressgateway
  namespace: istio-system
spec:
  roleRef:
    kind: ServiceRole
    name: istio-ingressgateway
  subjects:
  - user: '*'
