apiVersion: v1
kind: Namespace
metadata:
  labels:
    app: istio-install
    kustomize.component: istio-install
  name: istio-system
