apiVersion: v1
kind: ServiceAccount
metadata:
  labels:
    app: istio-install
    kustomize.component: istio-install
  name: istio-mixer-service-account
  namespace: istio-system
