apiVersion: v1
kind: Service
metadata:
  labels:
    app: istio-install
    istio: pilot
    kustomize.component: istio-install
  name: istio-pilot
  namespace: istio-system
spec:
  ports:
  - name: grpc-xds
    port: 15010
  - name: https-xds
    port: 15011
  - name: http-legacy-discovery
    port: 8080
  - name: http-monitoring
    port: 15014
  selector:
    app: istio-install
    istio: pilot
    kustomize.component: istio-install
