apiVersion: v1
kind: Service
metadata:
  annotations:
    networking.istio.io/exportTo: '*'
  labels:
    app: istio-install
    istio: mixer
    kustomize.component: istio-install
  name: istio-policy
  namespace: istio-system
spec:
  ports:
  - name: grpc-mixer
    port: 9091
  - name: grpc-mixer-mtls
    port: 15004
  - name: http-monitoring
    port: 15014
  selector:
    app: istio-install
    istio: mixer
    istio-mixer-type: policy
    kustomize.component: istio-install
