apiVersion: v1
kind: Service
metadata:
  annotations:
    prometheus.io/scrape: "true"
  labels:
    app: istio-install
    kustomize.component: istio-install
  name: prometheus
  namespace: istio-system
spec:
  ports:
  - name: http-prometheus
    port: 9090
    protocol: TCP
  selector:
    app: istio-install
    kustomize.component: istio-install
