apiVersion: v1
kind: Service
metadata:
  labels:
    app: istio-install
    istio: galley
    kustomize.component: istio-install
  name: istio-galley
  namespace: istio-system
spec:
  ports:
  - name: https-validation
    port: 443
  - name: http-monitoring
    port: 15014
  - name: grpc-mcp
    port: 9901
  selector:
    app: istio-install
    istio: galley
    kustomize.component: istio-install
