apiVersion: v1
kind: ServiceAccount
metadata:
  labels:
    app: istio-install
    istio: sidecar-injector
    kustomize.component: istio-install
  name: istio-sidecar-injector-service-account
  namespace: istio-system
