apiVersion: v1
kind: Service
metadata:
  labels:
    app: istio-install
    istio: sidecar-injector
    kustomize.component: istio-install
  name: istio-sidecar-injector
  namespace: istio-system
spec:
  ports:
  - name: https-inject
    port: 443
  - name: http-monitoring
    port: 15014
  selector:
    app: istio-install
    istio: sidecar-injector
    kustomize.component: istio-install
