apiVersion: v1
data:
  CognitoAppClientId: ""
  CognitoUserPoolArn: ""
  CognitoUserPoolDomain: ""
  certArn: ""
kind: ConfigMap
metadata:
  labels:
    kustomize.component: istio-ingress
  name: istio-ingress-config
  namespace: istio-system
